
Memory Configuration

Name             Origin             Length             Attributes
ram              0x0000000020000000 0x000000000001c000 xrw
ram2             0x000000002001c000 0x0000000000004000 xrw
flash            0x0000000008000000 0x0000000000100000 xr
ccm              0x0000000010000000 0x0000000000010000 xrw
*default*        0x0000000000000000 0xffffffffffffffff

Linker script and memory map


.text           0x0000000008000000     0x21a4
 *(.vectors)
 *(.text*)
 .text          0x0000000008000000     0x1f34 /tmp/ccw5FHo9.o
                0x0000000008000000                get_random
                0x0000000008000014                rand32
                0x0000000008000024                rand_q
                0x00000000080000d0                initialize_local
                0x0000000008000134                initialize_local_reverse
                0x0000000008000154                StrAPoly2APoly
                0x0000000008000184                poly_frombytes
                0x00000000080001c0                masked_dense2bitslice
                0x000000000800053c                transpose32
                0x0000000008000594                masked_poly
                0x0000000008000678                masked_bitslice2dense
                0x00000000080007b0                masked_dense2bitslice_opt
                0x0000000008000d28                masked_bitslice2dense_opt
                0x0000000008001960                secadd_constant
                0x0000000008001c34                secadd_constant_bmsk
                0x0000000008001e88                RefreshIOS_rec
                0x0000000008001efc                cipher
                0x0000000008001f2c                report_done
 .text.startup  0x0000000008001f34       0xbc /tmp/ccw5FHo9.o
                0x0000000008001f34                main
 .text          0x0000000008001ff0      0x1b4 /tmp/ccviUGvH.o
                0x0000000008001ff0                my_masked_and_asm
                0x0000000008002126                my_masked_xor_asm
                0x000000000800217a                copy_sharing_asm
                0x00000000080021a4                . = ALIGN (0x4)
 *(.rodata*)
                0x00000000080021a4                . = ALIGN (0x4)

.glue_7         0x00000000080021a4        0x0
 .glue_7        0x00000000080021a4        0x0 linker stubs

.glue_7t        0x00000000080021a4        0x0
 .glue_7t       0x00000000080021a4        0x0 linker stubs

.vfp11_veneer   0x00000000080021a4        0x0
 .vfp11_veneer  0x00000000080021a4        0x0 linker stubs

.v4_bx          0x00000000080021a4        0x0
 .v4_bx         0x00000000080021a4        0x0 linker stubs

.iplt           0x00000000080021a4        0x0
 .iplt          0x00000000080021a4        0x0 /tmp/ccw5FHo9.o

.rel.dyn        0x00000000080021a4        0x0
 .rel.iplt      0x00000000080021a4        0x0 /tmp/ccw5FHo9.o

.preinit_array  0x00000000080021a4        0x0
                0x00000000080021a4                . = ALIGN (0x4)
                0x00000000080021a4                __preinit_array_start = .
 *(.preinit_array)
                0x00000000080021a4                __preinit_array_end = .

.init_array     0x00000000080021a4        0x0
                0x00000000080021a4                . = ALIGN (0x4)
                0x00000000080021a4                __init_array_start = .
 *(SORT_BY_NAME(.init_array.*))
 *(.init_array)
                0x00000000080021a4                __init_array_end = .

.fini_array     0x00000000080021a4        0x0
                0x00000000080021a4                . = ALIGN (0x4)
                0x00000000080021a4                __fini_array_start = .
 *(.fini_array)
 *(SORT_BY_NAME(.fini_array.*))
                0x00000000080021a4                __fini_array_end = .

.ARM.extab
 *(.ARM.extab*)

.ARM.exidx      0x00000000080021a4        0x0
                0x00000000080021a4                __exidx_start = .
 *(.ARM.exidx*)
                0x00000000080021a4                __exidx_end = .
                0x00000000080021a4                . = ALIGN (0x4)
                0x00000000080021a4                _etext = .

.data           0x0000000020000000       0xc0 load address 0x00000000080021a4
                0x0000000020000000                _data = .
 *(.data*)
 .data          0x0000000020000000       0xc0 /tmp/ccw5FHo9.o
                0x0000000020000000                input_s1
 .data          0x00000000200000c0        0x0 /tmp/ccviUGvH.o
                0x00000000200000c0                . = ALIGN (0x4)
                0x00000000200000c0                _edata = .
                0x00000000080021a4                _data_loadaddr = LOADADDR (.data)

.igot.plt       0x00000000200000c0        0x0 load address 0x0000000008002264
 .igot.plt      0x00000000200000c0        0x0 /tmp/ccw5FHo9.o

.bss            0x00000000200000c0        0x0 load address 0x0000000008002264
 *(.bss*)
 .bss           0x00000000200000c0        0x0 /tmp/ccw5FHo9.o
 .bss           0x00000000200000c0        0x0 /tmp/ccviUGvH.o
 *(COMMON)
                0x00000000200000c0                . = ALIGN (0x4)
                0x00000000200000c0                _ebss = .

.randomness     0x00000000200000c0        0x4 load address 0x0000000008002264
                0x00000000200000c0                . = ALIGN (0x4)
                0x00000000200000c0                _random = .
                0x00000000200000c0                _erandom = .
 .randomness    0x00000000200000c0        0x4 /tmp/ccw5FHo9.o
                0x00000000200000c0                randomness

.ram2           0x000000002001c000        0x0
 *(.ram2*)
                0x000000002001c000                . = ALIGN (0x4)

.ccm            0x0000000010000000        0x0
 *(.ccmram*)
                0x0000000010000000                . = ALIGN (0x4)

/DISCARD/
 *(.eh_frame)
                0x0000000010000000                . = ALIGN (0x4)
                0x0000000010000000                end = .
LOAD /tmp/ccw5FHo9.o
LOAD /tmp/ccviUGvH.o
START GROUP
LOAD /usr/lib/gcc/arm-none-eabi/10.3.1/thumb/v7e-m/nofp/libgcc.a
LOAD /usr/lib/gcc/arm-none-eabi/10.3.1/../../../arm-none-eabi/lib/thumb/v7e-m/nofp/libc.a
END GROUP
OUTPUT(../../bin/binary.elf elf32-littlearm)
LOAD linker stubs

.comment        0x0000000000000000       0x33
 .comment       0x0000000000000000       0x33 /tmp/ccw5FHo9.o
                                         0x34 (size before relaxing)

.ARM.attributes
                0x0000000000000000       0x2c
 .ARM.attributes
                0x0000000000000000       0x2e /tmp/ccw5FHo9.o
 .ARM.attributes
                0x000000000000002e       0x1c /tmp/ccviUGvH.o
