
Memory Configuration

Name             Origin             Length             Attributes
ram              0x0000000020000000 0x000000000001c000 xrw
ram2             0x000000002001c000 0x0000000000004000 xrw
flash            0x0000000008000000 0x0000000000100000 xr
ccm              0x0000000010000000 0x0000000000010000 xrw
*default*        0x0000000000000000 0xffffffffffffffff

Linker script and memory map


.text           0x0000000008000000     0x22f8
 *(.vectors)
 *(.text*)
 .text          0x0000000008000000     0x20c4 /tmp/ccjRSZ5c.o
                0x0000000008000000                get_random
                0x0000000008000014                rand32
                0x0000000008000024                rand_q
                0x00000000080000a0                transpose32
                0x00000000080000f0                masked_poly
                0x00000000080001b8                masked_bitslice2dense
                0x00000000080002f8                masked_dense2bitslice_opt
                0x00000000080008b0                masked_bitslice2dense_opt
                0x00000000080014fc                secadd_constant
                0x0000000008001800                secadd_constant_bmsk
                0x0000000008001a68                RefreshIOS_rec
                0x0000000008001adc                cipher
                0x0000000008001c54                report_done
                0x0000000008001c5c                initialize_local
                0x0000000008001cbc                initialize_local_reverse
                0x0000000008001ce0                StrAPoly2APoly
                0x0000000008001d04                poly_frombytes
                0x0000000008001d38                masked_dense2bitslice
 .text.startup  0x00000000080020c4       0x80 /tmp/ccjRSZ5c.o
                0x00000000080020c4                main
 .text          0x0000000008002144      0x1b4 /tmp/ccP0uq0b.o
                0x0000000008002144                my_masked_and_asm
                0x000000000800227a                my_masked_xor_asm
                0x00000000080022ce                copy_sharing_asm
                0x00000000080022f8                . = ALIGN (0x4)
 *(.rodata*)
                0x00000000080022f8                . = ALIGN (0x4)

.glue_7         0x00000000080022f8        0x0
 .glue_7        0x00000000080022f8        0x0 linker stubs

.glue_7t        0x00000000080022f8        0x0
 .glue_7t       0x00000000080022f8        0x0 linker stubs

.vfp11_veneer   0x00000000080022f8        0x0
 .vfp11_veneer  0x00000000080022f8        0x0 linker stubs

.v4_bx          0x00000000080022f8        0x0
 .v4_bx         0x00000000080022f8        0x0 linker stubs

.iplt           0x00000000080022f8        0x0
 .iplt          0x00000000080022f8        0x0 /tmp/ccjRSZ5c.o

.rel.dyn        0x00000000080022f8        0x0
 .rel.iplt      0x00000000080022f8        0x0 /tmp/ccjRSZ5c.o

.preinit_array  0x00000000080022f8        0x0
                0x00000000080022f8                . = ALIGN (0x4)
                0x00000000080022f8                __preinit_array_start = .
 *(.preinit_array)
                0x00000000080022f8                __preinit_array_end = .

.init_array     0x00000000080022f8        0x0
                0x00000000080022f8                . = ALIGN (0x4)
                0x00000000080022f8                __init_array_start = .
 *(SORT_BY_NAME(.init_array.*))
 *(.init_array)
                0x00000000080022f8                __init_array_end = .

.fini_array     0x00000000080022f8        0x0
                0x00000000080022f8                . = ALIGN (0x4)
                0x00000000080022f8                __fini_array_start = .
 *(.fini_array)
 *(SORT_BY_NAME(.fini_array.*))
                0x00000000080022f8                __fini_array_end = .

.ARM.extab
 *(.ARM.extab*)

.ARM.exidx      0x00000000080022f8        0x0
                0x00000000080022f8                __exidx_start = .
 *(.ARM.exidx*)
                0x00000000080022f8                __exidx_end = .
                0x00000000080022f8                . = ALIGN (0x4)
                0x00000000080022f8                _etext = .

.data           0x0000000020000000       0xc0 load address 0x00000000080022f8
                0x0000000020000000                _data = .
 *(.data*)
 .data          0x0000000020000000       0xc0 /tmp/ccjRSZ5c.o
                0x0000000020000000                input_s1
 .data          0x00000000200000c0        0x0 /tmp/ccP0uq0b.o
                0x00000000200000c0                . = ALIGN (0x4)
                0x00000000200000c0                _edata = .
                0x00000000080022f8                _data_loadaddr = LOADADDR (.data)

.igot.plt       0x00000000200000c0        0x0 load address 0x00000000080023b8
 .igot.plt      0x00000000200000c0        0x0 /tmp/ccjRSZ5c.o

.bss            0x00000000200000c0        0x0 load address 0x00000000080023b8
 *(.bss*)
 .bss           0x00000000200000c0        0x0 /tmp/ccjRSZ5c.o
 .bss           0x00000000200000c0        0x0 /tmp/ccP0uq0b.o
 *(COMMON)
                0x00000000200000c0                . = ALIGN (0x4)
                0x00000000200000c0                _ebss = .

.randomness     0x00000000200000c0        0x4 load address 0x00000000080023b8
                0x00000000200000c0                . = ALIGN (0x4)
                0x00000000200000c0                _random = .
                0x00000000200000c0                _erandom = .
 .randomness    0x00000000200000c0        0x4 /tmp/ccjRSZ5c.o
                0x00000000200000c0                randomness

.ram2           0x000000002001c000        0x0
 *(.ram2*)
                0x000000002001c000                . = ALIGN (0x4)

.ccm            0x0000000010000000        0x0
 *(.ccmram*)
                0x0000000010000000                . = ALIGN (0x4)

/DISCARD/
 *(.eh_frame)
                0x0000000010000000                . = ALIGN (0x4)
                0x0000000010000000                end = .
LOAD /tmp/ccjRSZ5c.o
LOAD /tmp/ccP0uq0b.o
START GROUP
LOAD /usr/lib/gcc/arm-none-eabi/9.2.1/thumb/v7e-m/nofp/libgcc.a
LOAD /usr/lib/gcc/arm-none-eabi/9.2.1/../../../arm-none-eabi/lib/thumb/v7e-m/nofp/libc.a
END GROUP
OUTPUT(../../binary/binary.elf elf32-littlearm)
LOAD linker stubs

.comment        0x0000000000000000       0x59
 .comment       0x0000000000000000       0x59 /tmp/ccjRSZ5c.o
                                         0x5a (size before relaxing)

.ARM.attributes
                0x0000000000000000       0x2c
 .ARM.attributes
                0x0000000000000000       0x2e /tmp/ccjRSZ5c.o
 .ARM.attributes
                0x000000000000002e       0x1c /tmp/ccP0uq0b.o
