
Memory Configuration

Name             Origin             Length             Attributes
ram              0x0000000020000000 0x000000000001c000 xrw
ram2             0x000000002001c000 0x0000000000004000 xrw
flash            0x0000000008000000 0x0000000000100000 xr
ccm              0x0000000010000000 0x0000000000010000 xrw
*default*        0x0000000000000000 0xffffffffffffffff

Linker script and memory map


.text           0x0000000008000000     0x5d74
 *(.vectors)
 *(.text*)
 .text          0x0000000008000000     0x5afc /tmp/ccn05fpD.o
                0x0000000008000000                get_random
                0x0000000008000014                rand32
                0x0000000008000024                rand_q
                0x00000000080000a0                transpose32
                0x00000000080000f0                masked_dense2bitslice_opt
                0x00000000080006a8                masked_bitslice2dense_opt
                0x00000000080012f4                secadd_constant
                0x00000000080015f8                secadd
                0x0000000008001770                secadd_constant_bmsk
                0x00000000080019d8                secadd_modp
                0x0000000008001a7c                seca2b_modp
                0x0000000008001da4                RefreshIOS_rec
                0x0000000008001dd4                cipher
                0x0000000008004d18                report_done
                0x0000000008005a94                initialize_local
                0x0000000008005ad8                initialize_local_reverse
 .text.startup  0x0000000008005afc       0xc4 /tmp/ccn05fpD.o
                0x0000000008005afc                main
 .text          0x0000000008005bc0      0x1b4 /tmp/ccKZteoF.o
                0x0000000008005bc0                my_masked_and_asm
                0x0000000008005cf6                my_masked_xor_asm
                0x0000000008005d4a                copy_sharing_asm
                0x0000000008005d74                . = ALIGN (0x4)
 *(.rodata*)
                0x0000000008005d74                . = ALIGN (0x4)

.glue_7         0x0000000008005d74        0x0
 .glue_7        0x0000000008005d74        0x0 linker stubs

.glue_7t        0x0000000008005d74        0x0
 .glue_7t       0x0000000008005d74        0x0 linker stubs

.vfp11_veneer   0x0000000008005d74        0x0
 .vfp11_veneer  0x0000000008005d74        0x0 linker stubs

.v4_bx          0x0000000008005d74        0x0
 .v4_bx         0x0000000008005d74        0x0 linker stubs

.iplt           0x0000000008005d74        0x0
 .iplt          0x0000000008005d74        0x0 /tmp/ccn05fpD.o

.rel.dyn        0x0000000008005d74        0x0
 .rel.iplt      0x0000000008005d74        0x0 /tmp/ccn05fpD.o

.randomness     0x0000000020000000        0x4
                0x0000000020000000                . = ALIGN (0x4)
                0x0000000020000000                _random = .
                0x0000000020000000                _erandom = .
 .randomness    0x0000000020000000        0x4 /tmp/ccn05fpD.o
                0x0000000020000000                randomness

.preinit_array  0x0000000008005d74        0x0
                0x0000000008005d74                . = ALIGN (0x4)
                0x0000000008005d74                __preinit_array_start = .
 *(.preinit_array)
                0x0000000008005d74                __preinit_array_end = .

.init_array     0x0000000008005d74        0x0
                0x0000000008005d74                . = ALIGN (0x4)
                0x0000000008005d74                __init_array_start = .
 *(SORT_BY_NAME(.init_array.*))
 *(.init_array)
                0x0000000008005d74                __init_array_end = .

.fini_array     0x0000000008005d74        0x0
                0x0000000008005d74                . = ALIGN (0x4)
                0x0000000008005d74                __fini_array_start = .
 *(.fini_array)
 *(SORT_BY_NAME(.fini_array.*))
                0x0000000008005d74                __fini_array_end = .

.ARM.extab
 *(.ARM.extab*)

.ARM.exidx      0x0000000008005d74        0x0
                0x0000000008005d74                __exidx_start = .
 *(.ARM.exidx*)
                0x0000000008005d74                __exidx_end = .
                0x0000000008005d74                . = ALIGN (0x4)
                0x0000000008005d74                _etext = .

.data           0x0000000020000004       0x80 load address 0x0000000008005d74
                0x0000000020000004                _data = .
 *(.data*)
 .data          0x0000000020000004       0x80 /tmp/ccn05fpD.o
                0x0000000020000004                input_s1
 .data          0x0000000020000084        0x0 /tmp/ccKZteoF.o
                0x0000000020000084                . = ALIGN (0x4)
                0x0000000020000084                _edata = .
                0x0000000008005d74                _data_loadaddr = LOADADDR (.data)

.igot.plt       0x0000000020000084        0x0 load address 0x0000000008005df4
 .igot.plt      0x0000000020000084        0x0 /tmp/ccn05fpD.o

.bss            0x0000000020000084        0x0 load address 0x0000000008005df4
 *(.bss*)
 .bss           0x0000000020000084        0x0 /tmp/ccn05fpD.o
 .bss           0x0000000020000084        0x0 /tmp/ccKZteoF.o
 *(COMMON)
                0x0000000020000084                . = ALIGN (0x4)
                0x0000000020000084                _ebss = .

.ram2           0x000000002001c000        0x0
 *(.ram2*)
                0x000000002001c000                . = ALIGN (0x4)

.ccm            0x0000000010000000        0x0
 *(.ccmram*)
                0x0000000010000000                . = ALIGN (0x4)

/DISCARD/
 *(.eh_frame)
                0x0000000010000000                . = ALIGN (0x4)
                0x0000000010000000                end = .
                [!provide]                        PROVIDE (_stack = (ORIGIN (ram) + LENGTH (ram)))
LOAD /tmp/ccn05fpD.o
LOAD /tmp/ccKZteoF.o
START GROUP
LOAD /usr/lib/gcc/arm-none-eabi/9.2.1/thumb/v7e-m/nofp/libgcc.a
LOAD /usr/lib/gcc/arm-none-eabi/9.2.1/../../../arm-none-eabi/lib/thumb/v7e-m/nofp/libc.a
END GROUP
OUTPUT(../../binary/binary.elf elf32-littlearm)
LOAD linker stubs

.comment        0x0000000000000000       0x59
 .comment       0x0000000000000000       0x59 /tmp/ccn05fpD.o
                                         0x5a (size before relaxing)

.ARM.attributes
                0x0000000000000000       0x2c
 .ARM.attributes
                0x0000000000000000       0x2e /tmp/ccn05fpD.o
 .ARM.attributes
                0x000000000000002e       0x1c /tmp/ccKZteoF.o
