
Memory Configuration

Name             Origin             Length             Attributes
ram              0x0000000020000000 0x000000000001c000 xrw
ram2             0x000000002001c000 0x0000000000004000 xrw
flash            0x0000000008000000 0x0000000000100000 xr
ccm              0x0000000010000000 0x0000000000010000 xrw
*default*        0x0000000000000000 0xffffffffffffffff

Linker script and memory map


.text           0x0000000008000000     0x1a40
 *(.vectors)
 *(.text*)
 .text          0x0000000008000000     0x173c /tmp/ccQOk5RL.o
                0x0000000008000000                get_random
                0x0000000008000014                rand32
                0x0000000008000024                rand_q
                0x000000000800083c                initialize_local
                0x0000000008000860                initialize_local_reverse
                0x0000000008000880                transpose32
                0x00000000080008d8                masked_dense2bitslice
                0x0000000008000c54                masked_bitslice2dense
                0x0000000008000d8c                secadd_constant_bmsk
                0x0000000008000fe0                secadd_constant
                0x00000000080012b4                secadd
                0x0000000008001418                cipher
                0x0000000008001734                report_done
 .text.startup  0x000000000800173c      0x150 /tmp/ccQOk5RL.o
                0x000000000800173c                main
 .text          0x000000000800188c      0x1b4 /tmp/ccekEZbp.o
                0x000000000800188c                my_masked_and_asm
                0x00000000080019c2                my_masked_xor_asm
                0x0000000008001a16                copy_sharing_asm
                0x0000000008001a40                . = ALIGN (0x4)
 *(.rodata*)
                0x0000000008001a40                . = ALIGN (0x4)

.glue_7         0x0000000008001a40        0x0
 .glue_7        0x0000000008001a40        0x0 linker stubs

.glue_7t        0x0000000008001a40        0x0
 .glue_7t       0x0000000008001a40        0x0 linker stubs

.vfp11_veneer   0x0000000008001a40        0x0
 .vfp11_veneer  0x0000000008001a40        0x0 linker stubs

.v4_bx          0x0000000008001a40        0x0
 .v4_bx         0x0000000008001a40        0x0 linker stubs

.iplt           0x0000000008001a40        0x0
 .iplt          0x0000000008001a40        0x0 /tmp/ccQOk5RL.o

.rel.dyn        0x0000000008001a40        0x0
 .rel.iplt      0x0000000008001a40        0x0 /tmp/ccQOk5RL.o

.preinit_array  0x0000000008001a40        0x0
                0x0000000008001a40                . = ALIGN (0x4)
                0x0000000008001a40                __preinit_array_start = .
 *(.preinit_array)
                0x0000000008001a40                __preinit_array_end = .

.init_array     0x0000000008001a40        0x0
                0x0000000008001a40                . = ALIGN (0x4)
                0x0000000008001a40                __init_array_start = .
 *(SORT_BY_NAME(.init_array.*))
 *(.init_array)
                0x0000000008001a40                __init_array_end = .

.fini_array     0x0000000008001a40        0x0
                0x0000000008001a40                . = ALIGN (0x4)
                0x0000000008001a40                __fini_array_start = .
 *(.fini_array)
 *(SORT_BY_NAME(.fini_array.*))
                0x0000000008001a40                __fini_array_end = .

.ARM.extab
 *(.ARM.extab*)

.ARM.exidx      0x0000000008001a40        0x0
                0x0000000008001a40                __exidx_start = .
 *(.ARM.exidx*)
                0x0000000008001a40                __exidx_end = .
                0x0000000008001a40                . = ALIGN (0x4)
                0x0000000008001a40                _etext = .

.data           0x0000000020000000       0x40 load address 0x0000000008001a40
                0x0000000020000000                _data = .
 *(.data*)
 .data          0x0000000020000000       0x40 /tmp/ccQOk5RL.o
                0x0000000020000000                input_s1
 .data          0x0000000020000040        0x0 /tmp/ccekEZbp.o
                0x0000000020000040                . = ALIGN (0x4)
                0x0000000020000040                _edata = .
                0x0000000008001a40                _data_loadaddr = LOADADDR (.data)

.igot.plt       0x0000000020000040        0x0 load address 0x0000000008001a80
 .igot.plt      0x0000000020000040        0x0 /tmp/ccQOk5RL.o

.bss            0x0000000020000040        0x0 load address 0x0000000008001a80
 *(.bss*)
 .bss           0x0000000020000040        0x0 /tmp/ccQOk5RL.o
 .bss           0x0000000020000040        0x0 /tmp/ccekEZbp.o
 *(COMMON)
                0x0000000020000040                . = ALIGN (0x4)
                0x0000000020000040                _ebss = .

.randomness     0x0000000020000040        0x4 load address 0x0000000008001a80
                0x0000000020000040                . = ALIGN (0x4)
                0x0000000020000040                _random = .
                0x0000000020000040                _erandom = .
 .randomness    0x0000000020000040        0x4 /tmp/ccQOk5RL.o
                0x0000000020000040                randomness

.ram2           0x000000002001c000        0x0
 *(.ram2*)
                0x000000002001c000                . = ALIGN (0x4)

.ccm            0x0000000010000000        0x0
 *(.ccmram*)
                0x0000000010000000                . = ALIGN (0x4)

/DISCARD/
 *(.eh_frame)
                0x0000000010000000                . = ALIGN (0x4)
                0x0000000010000000                end = .
LOAD /tmp/ccQOk5RL.o
LOAD /tmp/ccekEZbp.o
START GROUP
LOAD /usr/lib/gcc/arm-none-eabi/10.3.1/thumb/v7e-m/nofp/libgcc.a
LOAD /usr/lib/gcc/arm-none-eabi/10.3.1/../../../arm-none-eabi/lib/thumb/v7e-m/nofp/libc.a
END GROUP
OUTPUT(../../bin/binary.elf elf32-littlearm)
LOAD linker stubs

.comment        0x0000000000000000       0x33
 .comment       0x0000000000000000       0x33 /tmp/ccQOk5RL.o
                                         0x34 (size before relaxing)

.ARM.attributes
                0x0000000000000000       0x2c
 .ARM.attributes
                0x0000000000000000       0x2e /tmp/ccQOk5RL.o
 .ARM.attributes
                0x000000000000002e       0x1c /tmp/ccekEZbp.o
