Archive member included to satisfy reference by file (symbol)

build/libmaskedaes.a(aes.o)   /tmp/ccUOA5Ou.o (aes)
build/libmaskedaes.a(affine_aes.o)
                              build/libmaskedaes.a(aes.o) (aes_init_enc)

Discarded input sections

 .group         0x0000000000000000        0xc /tmp/ccUOA5Ou.o
 .group         0x0000000000000000        0xc /tmp/ccUOA5Ou.o
 .group         0x0000000000000000        0xc /tmp/ccUOA5Ou.o
 .group         0x0000000000000000        0xc /tmp/ccUOA5Ou.o
 .group         0x0000000000000000        0xc /tmp/ccUOA5Ou.o
 .group         0x0000000000000000        0xc /tmp/ccm2ItYu.o
 .group         0x0000000000000000        0xc /tmp/ccm2ItYu.o
 .group         0x0000000000000000        0xc /tmp/ccm2ItYu.o
 .debug_macro   0x0000000000000000      0xab4 /tmp/ccm2ItYu.o
 .group         0x0000000000000000        0xc build/libmaskedaes.a(aes.o)
 .group         0x0000000000000000        0xc build/libmaskedaes.a(aes.o)
 .group         0x0000000000000000        0xc build/libmaskedaes.a(aes.o)
 .group         0x0000000000000000        0xc build/libmaskedaes.a(aes.o)
 .group         0x0000000000000000        0xc build/libmaskedaes.a(aes.o)
 .group         0x0000000000000000        0xc build/libmaskedaes.a(aes.o)
 .debug_macro   0x0000000000000000      0xab4 build/libmaskedaes.a(aes.o)
 .debug_macro   0x0000000000000000       0x1c build/libmaskedaes.a(aes.o)
 .debug_macro   0x0000000000000000       0xa6 build/libmaskedaes.a(aes.o)
 .debug_macro   0x0000000000000000       0x1d build/libmaskedaes.a(aes.o)
 .debug_macro   0x0000000000000000       0x10 build/libmaskedaes.a(aes.o)
 .debug_macro   0x0000000000000000       0x10 build/libmaskedaes.a(aes.o)

Memory Configuration

Name             Origin             Length             Attributes
FLASH            0x0000000008000000 0x0000000000100000 xr
RAM              0x0000000020000000 0x0000000000020000 xrw
RAM2             0x0000000010000200 0x0000000000010000 xrw
MB1              0x0000000060000000 0x0000000000000000 xr
*default*        0x0000000000000000 0xffffffffffffffff

Linker script and memory map

LOAD /tmp/ccUOA5Ou.o
LOAD /tmp/ccm2ItYu.o
LOAD build/libtests.a
LOAD build/libprintf.a
LOAD build/libmaskedaes.a
LOAD build/libembeddedos.a
START GROUP
LOAD /usr/lib/gcc/arm-none-eabi/9.2.1/thumb/v7e-m/nofp/libgcc.a
LOAD /usr/lib/gcc/arm-none-eabi/9.2.1/../../../arm-none-eabi/lib/thumb/v7e-m/nofp/libg.a
LOAD /usr/lib/gcc/arm-none-eabi/9.2.1/../../../arm-none-eabi/lib/thumb/v7e-m/nofp/libc.a
END GROUP
                0x0000000020020000                _estack = 0x20020000
                0x0000000000000000                _Min_Heap_Size = 0x0
                0x0000000000000400                _Min_Stack_Size = 0x400

.isr_vector     0x0000000008000000        0x0
                0x0000000008000000                . = ALIGN (0x4)
 *(.isr_vector)
                0x0000000008000000                . = ALIGN (0x4)

.text           0x0000000008000000    0x2f95c
                0x0000000008000000                _stext = .
 *startup*(.text.Reset_Handler)
 *(.text*)
 .text          0x0000000008000000       0x5c /tmp/ccUOA5Ou.o
                0x0000000008000000                get_external_randomness
                0x0000000008000054                report_done
 .text.startup  0x000000000800005c       0x84 /tmp/ccUOA5Ou.o
                0x000000000800005c                main
 .text          0x00000000080000e0       0x7c /tmp/ccm2ItYu.o
                0x00000000080000e0                get_random
                0x0000000008000128                cortex_m4_cycles_reset
                0x0000000008000150                get_cortex_m4_cycles
 .text          0x000000000800015c      0x252 build/libmaskedaes.a(aes.o)
                0x000000000800015c                cipher
                0x0000000008000160                test_parameter_content
                0x00000000080001b2                test_mode
                0x00000000080001e6                test_mode_state
                0x0000000008000236                aes
 .text          0x00000000080003ae      0xe52 build/libmaskedaes.a(affine_aes.o)
                0x0000000008000bec                aes_loadKey
                0x0000000008000ccc                aes_init_enc
                0x0000000008000d64                aes_init_dec
                0x0000000008000dfc                aes_enc
                0x0000000008000fce                aes_dec
 *(.rodata*)
 .rodata        0x0000000008001200    0x2e001 /tmp/ccUOA5Ou.o
                0x0000000008001210                aes_static_tests
 .rodata        0x000000000802f201      0x758 build/libmaskedaes.a(affine_aes.o)
 *(.glue_7)
 .glue_7        0x000000000802f959        0x0 linker stubs
 *(.glue_7t)
 .glue_7t       0x000000000802f959        0x0 linker stubs
 *(.eh_frame)
 *(.init)
 *(.fini)
                0x000000000802f95c                . = ALIGN (0x4)
 *fill*         0x000000000802f959        0x3 
                0x000000000802f95c                _etext = .
                0x000000000802f95c                _exit = .
                0x000000000802f95c                _sigot = .

.vfp11_veneer   0x000000000802f95c        0x0
 .vfp11_veneer  0x000000000802f95c        0x0 linker stubs

.v4_bx          0x000000000802f95c        0x0
 .v4_bx         0x000000000802f95c        0x0 linker stubs

.iplt           0x000000000802f95c        0x0
 .iplt          0x000000000802f95c        0x0 /tmp/ccUOA5Ou.o

.rel.dyn        0x000000000802f95c        0x0
 .rel.iplt      0x000000000802f95c        0x0 /tmp/ccUOA5Ou.o
 .rel.got       0x000000000802f95c        0x0 /tmp/ccUOA5Ou.o

.got            0x000000000802f95c        0xc
                0x000000000802f95c                . = ALIGN (0x4)
                0x000000000802f95c                _sgot = .
 *(.got)
 .got           0x000000000802f95c        0xc /tmp/ccUOA5Ou.o
                0x000000000802f968                . = ALIGN (0x4)
                0x000000000802f968                _egot = .
                0x000000000802f968                __exidx_start = .

.ARM.exidx
 *(.ARM.exidx* .gnu.linkonce.armexidx.*)
                0x000000000802f968                __exidx_end = .
                0x000000000802f968                _sidata = .

.data           0x0000000020000000       0x18 load address 0x000000000802f968
                0x0000000020000000                . = ALIGN (0x4)
                0x0000000020000000                _sdata = .
 *(.data)
 .data          0x0000000020000000       0x14 /tmp/ccUOA5Ou.o
                0x0000000020000000                static_tests_size
                0x0000000020000004                input_s1
 .data          0x0000000020000014        0x0 /tmp/ccm2ItYu.o
 .data          0x0000000020000014        0x0 build/libmaskedaes.a(aes.o)
 .data          0x0000000020000014        0x0 build/libmaskedaes.a(affine_aes.o)
 *(.data*)
 .data.rel      0x0000000020000014        0x4 /tmp/ccUOA5Ou.o
                0x0000000020000014                static_tests
                0x0000000020000018                . = ALIGN (0x4)
                0x0000000020000018                _edata = .

.igot.plt       0x0000000020000018        0x0 load address 0x000000000802f980
 .igot.plt      0x0000000020000018        0x0 /tmp/ccUOA5Ou.o

.got.plt        0x0000000020000018        0xc load address 0x000000000802f980
 .got.plt       0x0000000020000018        0xc /tmp/ccUOA5Ou.o
                0x0000000020000018                _GLOBAL_OFFSET_TABLE_
                0x0000000020000024                . = ALIGN (0x4)

.bss            0x0000000020000024        0x4 load address 0x000000000802f98c
                0x0000000020000024                _sbss = .
                0x0000000020000024                __bss_start__ = _sbss
 *debug.o(.bss)
 *(.bss)
 .bss           0x0000000020000024        0x0 /tmp/ccUOA5Ou.o
 .bss           0x0000000020000024        0x4 /tmp/ccm2ItYu.o
                0x0000000020000024                round
 .bss           0x0000000020000028        0x0 build/libmaskedaes.a(aes.o)
 .bss           0x0000000020000028        0x0 build/libmaskedaes.a(affine_aes.o)
 *(.bss*)
 *(COMMON)
                0x0000000020000028                . = ALIGN (0x4)
                0x0000000020000028                _ebss = .
                0x0000000020000028                __bss_end__ = _ebss

.randomness     0x0000000020000028        0x4 load address 0x000000000802f990
                0x0000000020000028                . = ALIGN (0x4)
                0x0000000020000028                _random = .
                0x0000000020000028                _erandom = .
 .randomness    0x0000000020000028        0x4 /tmp/ccUOA5Ou.o
                0x0000000020000028                randomness

._user_heap_stack
                0x000000002000002c      0x400 load address 0x000000000802f994
                0x000000002000002c                . = ALIGN (0x4)
                [!provide]                        PROVIDE (end = .)
                [!provide]                        PROVIDE (_end = .)
                0x000000002000002c                . = (. + _Min_Heap_Size)
                0x000000002000042c                . = (. + _Min_Stack_Size)
 *fill*         0x000000002000002c      0x400 
                0x000000002000042c                . = ALIGN (0x4)

/DISCARD/
 libgcc.a(*)

.ARM.attributes
                0x0000000000000000       0x2c
 *(.ARM.attributes)
 .ARM.attributes
                0x0000000000000000       0x2e /tmp/ccUOA5Ou.o
 .ARM.attributes
                0x000000000000002e       0x2e /tmp/ccm2ItYu.o
 .ARM.attributes
                0x000000000000005c       0x2e build/libmaskedaes.a(aes.o)
 .ARM.attributes
                0x000000000000008a       0x21 build/libmaskedaes.a(affine_aes.o)
OUTPUT(build/firmware.elf elf32-littlearm)
LOAD linker stubs
LOAD /usr/lib/gcc/arm-none-eabi/9.2.1/thumb/v7e-m/nofp/libgcc.a

.debug_info     0x0000000000000000     0x1058
 .debug_info    0x0000000000000000      0x59c /tmp/ccUOA5Ou.o
 .debug_info    0x000000000000059c       0xce /tmp/ccm2ItYu.o
 .debug_info    0x000000000000066a      0x9c8 build/libmaskedaes.a(aes.o)
 .debug_info    0x0000000000001032       0x26 build/libmaskedaes.a(affine_aes.o)

.debug_abbrev   0x0000000000000000      0x554
 .debug_abbrev  0x0000000000000000      0x1d8 /tmp/ccUOA5Ou.o
 .debug_abbrev  0x00000000000001d8       0xd6 /tmp/ccm2ItYu.o
 .debug_abbrev  0x00000000000002ae      0x292 build/libmaskedaes.a(aes.o)
 .debug_abbrev  0x0000000000000540       0x14 build/libmaskedaes.a(affine_aes.o)

.debug_loc      0x0000000000000000      0x87f
 .debug_loc     0x0000000000000000      0x15a /tmp/ccUOA5Ou.o
 .debug_loc     0x000000000000015a       0x56 /tmp/ccm2ItYu.o
 .debug_loc     0x00000000000001b0      0x6cf build/libmaskedaes.a(aes.o)

.debug_aranges  0x0000000000000000       0x88
 .debug_aranges
                0x0000000000000000       0x28 /tmp/ccUOA5Ou.o
 .debug_aranges
                0x0000000000000028       0x20 /tmp/ccm2ItYu.o
 .debug_aranges
                0x0000000000000048       0x20 build/libmaskedaes.a(aes.o)
 .debug_aranges
                0x0000000000000068       0x20 build/libmaskedaes.a(affine_aes.o)

.debug_ranges   0x0000000000000000       0x50
 .debug_ranges  0x0000000000000000       0x30 /tmp/ccUOA5Ou.o
 .debug_ranges  0x0000000000000030       0x20 build/libmaskedaes.a(aes.o)

.debug_macro    0x0000000000000000      0xfd3
 .debug_macro   0x0000000000000000       0x4d /tmp/ccUOA5Ou.o
 .debug_macro   0x000000000000004d      0xab4 /tmp/ccUOA5Ou.o
 .debug_macro   0x0000000000000b01       0x1c /tmp/ccUOA5Ou.o
 .debug_macro   0x0000000000000b1d       0xa6 /tmp/ccUOA5Ou.o
 .debug_macro   0x0000000000000bc3       0x1d /tmp/ccUOA5Ou.o
 .debug_macro   0x0000000000000be0      0x34e /tmp/ccUOA5Ou.o
 .debug_macro   0x0000000000000f2e       0x41 /tmp/ccm2ItYu.o
 .debug_macro   0x0000000000000f6f       0x10 /tmp/ccm2ItYu.o
 .debug_macro   0x0000000000000f7f       0x10 /tmp/ccm2ItYu.o
 .debug_macro   0x0000000000000f8f       0x44 build/libmaskedaes.a(aes.o)

.debug_line     0x0000000000000000      0xa3c
 .debug_line    0x0000000000000000      0x217 /tmp/ccUOA5Ou.o
 .debug_line    0x0000000000000217      0x10e /tmp/ccm2ItYu.o
 .debug_line    0x0000000000000325      0x39f build/libmaskedaes.a(aes.o)
 .debug_line    0x00000000000006c4      0x378 build/libmaskedaes.a(affine_aes.o)

.debug_str      0x0000000000000000     0x43f0
 .debug_str     0x0000000000000000     0x3f18 /tmp/ccUOA5Ou.o
                                       0x40a7 (size before relaxing)
 .debug_str     0x0000000000003f18      0x13b /tmp/ccm2ItYu.o
                                       0x2f80 (size before relaxing)
 .debug_str     0x0000000000004053      0x37c build/libmaskedaes.a(aes.o)
                                       0x3863 (size before relaxing)
 .debug_str     0x00000000000043cf       0x21 build/libmaskedaes.a(affine_aes.o)
                                         0x6d (size before relaxing)

.comment        0x0000000000000000       0x59
 .comment       0x0000000000000000       0x59 /tmp/ccUOA5Ou.o
                                         0x5a (size before relaxing)
 .comment       0x0000000000000059       0x5a /tmp/ccm2ItYu.o
 .comment       0x0000000000000059       0x5a build/libmaskedaes.a(aes.o)

.debug_frame    0x0000000000000000      0x14c
 .debug_frame   0x0000000000000000       0x74 /tmp/ccUOA5Ou.o
 .debug_frame   0x0000000000000074       0x4c /tmp/ccm2ItYu.o
 .debug_frame   0x00000000000000c0       0x8c build/libmaskedaes.a(aes.o)
